<html>
<body>
<pre>
<h1>µVision Build Log</h1>
<h2>Project:</h2>
C:\Users\moham\OneDrive\Desktop\Copy of T\Project2_C\prj2_c.uvproj
Project File Date:  04/09/2019

<h2>Output:</h2>
Build target 'Target 1'
compiling main.c...
linking...
Program Size: Code=1212 RO-data=652 RW-data=12 ZI-data=612  
".\prj2_c.axf" - 0 Error(s), 0 Warning(s).
Load "C:\\Users\\moham\\OneDrive\\Desktop\\Copy of T\\Project2_C\\prj2_c.axf" 
Connecting: Mode=JTAG, Speed=1000000Hz
Erase Done.
Programming Done.
Verify OK.
</pre>
</body>
</html>
opy of T\\Project2_C\\prj2_c.axf" 
_____^
*** error 56: cannot open file
Error: Flash Download failed  -  Could not load file 'C:\Users\moham\OneDrive\Desktop\Copy of T\Project2_C\prj2_c.axf'
ect2_C\\prj2_c.axf" 
Connecting: Mode=JTAG, Speed=1000000Hz
Erase Done.
Programming Done.
Verify OK.
Load "C:\\Users\\moham\\OneDrive\\Desktop\\Copy of T\\Project2_C\\prj2_c.axf" 
Connecting: Mode=JTAG, Speed=1000000Hz
Erase Done.
Programming Done.
Verify OK.
