<html>
<body>
<pre>
<h1>µVision Build Log</h1>
<h2>Project:</h2>
D:\ARM''''''''\LCD_V4\aaa.uvproj
Project File Date:  03/15/2019

<h2>Output:</h2>
Build target 'Target 1'
compiling main.c...
linking...
Program Size: Code=3256 RO-data=620 RW-data=48 ZI-data=544  
".\aaa.axf" - 0 Error(s), 0 Warning(s).
Load "D:\\ARM''''''''\\LCD_V4\\aaa.axf" 
Connecting: Mode=JTAG, Speed=1000000Hz
Connection failed!, error code=&d
Error: Flash Download failed  -  Target DLL has been cancelled
Load "D:\\ARM''''''''\\LCD_V4\\aaa.axf" 
Connecting: Mode=JTAG, Speed=1000000Hz
Erase Done.
Programming Done.
Verify OK.
.
Target not created
rify OK.
ash Download failed  -  Target DLL has been cancelled
Load "D:\\ARM''''''''\\LCD_V4\\aaa.axf" 
Connecting: Mode=JTAG, Speed=1000000Hz
Erase Done.
Programming Done.
Verify OK.
0000Hz
Erase Done.
Programming Done.
Verify OK.
PORT_PIN_IN" has already been declared in the current scope
      PORT_PIN_IN,
MCAL.h(34): error:  #101: "PORT_PIN_OUT" has already been declared in the current scope
      PORT_PIN_OUT,
MCAL.h(35): error:  #256: invalid redeclaration of type name "Port_PinDirectionType" (declared at line 35)
  } Port_PinDirectionType;
MCAL.h(37): error:  #101: "Dio_LevelType" has already been declared in the current scope
  typedef enum Dio_LevelType {
MCAL.h(38): error:  #101: "STD_LOW" has already been declared in the current scope
      STD_LOW,
MCAL.h(39): error:  #101: "STD_HIGH" has already been declared in the current scope
      STD_HIGH,
MCAL.h(40): error:  #256: invalid redeclaration of type name "Dio_LevelType" (declared at line 40)
  } Dio_LevelType;
MCAL.h(46): error:  #256: invalid redeclaration of type name "Pin" (declared at line 46)
  } Pin;
MCAL.h(51): error:  #147-D: declaration is incompatible with "void Port_SetPinDirection(unsigned char, unsigned char, Port_PinDirectionType)" (declared at line 51)
  void Port_SetPinDirection(unsigned char port_index, unsigned char pins_mask, Port_PinDirectionType pins_direction);
MCAL.h(57): error:  #147-D: declaration is incompatible with "Dio_LevelType DIO_WritePort(unsigned char, unsigned char)" (declared at line 57)
  Dio_LevelType DIO_WritePort(unsigned char port_index, unsigned char pins_mask);
MCAL.h(60): error:  #147: declaration is incompatible with "Pin initPin(char, int, bool)" (declared at line 60)
  Pin initPin(char portIndex, int pinNum ,_Bool ioState);
MCAL.h(61): error:  #147-D: declaration is incompatible with "void setPin(Pin *, unsigned char)" (declared at line 61)
  void setPin(Pin *pin, unsigned char out);
MCAL.h(62): error:  #147-D: declaration is incompatible with "void setPins(Pin *, unsigned char, int)" (declared at line 62)
  void setPins(Pin *pin, unsigned char out , int length);
MCAL.h(63): error:  #147-D: declaration is incompatible with "unsigned char readPin(Pin *)" (declared at line 63)
  unsigned char readPin(Pin *pin);
MCAL.h(66): warning:  #1-D: last line of file ends without a newline
  #endif
main.c: 4 warnings, 15 errors
compiling LCD.c...
MCAL.h(1): warning:  #14-D: extra text after expected end of preprocessing directive
  #ifndef MCAL.H
MCAL.h(66): warning:  #1-D: last line of file ends without a newline
  #endif
LCD.c: 2 warnings, 0 errors
compiling switch.c...
MCAL.h(1): warning:  #14-D: extra text after expected end of preprocessing directive
  #ifndef MCAL.H
MCAL.h(66): warning:  #1-D: last line of file ends without a newline
  #endif
switch.c(10): warning:  #1-D: last line of file ends without a newline
  }
switch.c: 3 warnings, 0 errors
".\aaa.axf" - 15 Error(s), 11 Warning(s).
Target not created
