<html>
<body>
<pre>
<h1>µVision Build Log</h1>
<h2>Project:</h2>
C:\Users\moham\OneDrive\Desktop\LCD_V4\aaa.uvproj
Project File Date:  03/15/2019

<h2>Output:</h2>
Build target 'Target 1'
compiling main.c...
linking...
Program Size: Code=3064 RO-data=620 RW-data=24 ZI-data=544  
".\aaa.axf" - 0 Error(s), 0 Warning(s).
Load "C:\\Users\\moham\\OneDrive\\Desktop\\LCD_V4\\aaa.axf" 
Connecting: Mode=JTAG, Speed=1000000Hz
Erase Done.
Programming Done.
Verify OK.
</pre>
</body>
</html>
s.
Finished: 1 information, 0 warning and 2 error messages.
".\aaa.axf" - 2 Error(s), 0 Warning(s).
Target not created
